$# Creating journal file 
$# C:\Users\jitishm\Desktop\MAIN\PAAW\mAEWing2_FEM_v2p0_Free_model-repaired\fu
$# llwing.db.jou at 11-Nov-18 16:28:16
uil_file_rebuild.start("C:\MSC.Software\Patran_x64\20170/template.db", @
"C:\Users\jitishm\Desktop\MAIN\PAAW\mAEWing2_FEM_v2p0_Free_model-repaired\" // @
"fullwing.db")
$# Synchronizing the User Data Manager
set_current_dir( "C:\Users\jitishm\Desktop\MAIN\PAAW\mAEWing2_FEM_v2p0_Fre" // @
"e_model-repaired" )
$# The current working directory has been changed to the database location 
$# shown.                                                                     
$#                                                                            
$#                                   
nastran_input_import( "C:\Users\jitishm\Desktop\MAIN\PAAW\mAEWing2_FEM_v2p" // @
"0_Free_model-repaired\SOL103_mAEWing2_fullmodel_Free_model_FEMv2p0_repair" // @
"ed.bdf", "default_group", 11, [TRUE, TRUE, TRUE, TRUE, TRUE, TRUE, TRUE,  @
TRUE, FALSE, TRUE, TRUE], [0, 0, 0, 0, 0, 0, 0, 0, 0, 0, 0], [0, 0, 0, 0, 0,  @
0, 0, 0, 0, 0, 0], [-2000000000, -2000000000, -2000000000, -2000000000,  @
-2000000000, -2000000000, -2000000000, -2000000000, 0, 0, 0] )
$# Loading dynamic library C:\MSC.Software\Patran_x64\20170\bin\exe\nifimp.dll
$# Creating Nastran Database using SOL nifimp_v22: Success
$# Importing data...
$# 38 Coordinate Frames written to database.
$# 6103 Nodes written to database.
$# 9 Materials written to database.
$# 11366 Elements written to database.
$# 50 Property Sets written to database.
$# Warning reported from application FILE
$#     MPC id 6301 (to be imported as id 6301) conflicts with element id 6301,
$#  so it is skipped. To avoid this, edit your NASTRAN model file (BDF, DAT) 
$# before importing again.
$# Warning reported from application FILE
$#     MPC id 6302 (to be imported as id 6302) conflicts with element id 6302,
$#  so it is skipped. To avoid this, edit your NASTRAN model file (BDF, DAT) 
$# before importing again.
$# 
$# NDBapiCardAttr: Bulk Data card SUPORT1 with internalid = 472 is skipped.
$# 
$# 
$# NDBapiCardAttr: Bulk Data card SUPORT1 with internalid = 472 is skipped.
$# 
$# 
$# NDBapiCardAttr: Bulk Data card SUPORT1 with internalid = 472 is skipped.
$# 
$# 
$# NDBapiCardAttr: Bulk Data card SUPORT1 with internalid = 472 is skipped.
$# 
$# 127 MPCs written to database.
$# 16 Case Control lines/comments written to database.
$# 69 unrecognized Bulk Data lines/comments written to database.
$# 85 total unrecognized entities/comment lines written to database.
$# 1 Load Cases written to database.
$# 2 Load Sets of type "spc1" written to database.
$# Reading of MSC.Nastran input file completed.
uil_toolbar.shaded_smooth(  )
uil_imaging_coordframes.unpost_all(  )
gm_visibility_widget( "Mpc 1:9000000", FALSE )
ga_view_aa_set( 23., -34., 0. )
ga_view_aa_set( 23., -34., 0. )
ga_view_aa_set( 23., 56., 0. )
ga_view_aa_set( -67., 0., -34. )
ga_view_zoom_set( 50.489403 )
uil_toolbar.shaded_smooth(  )
ga_view_aa_set( 0., 0., 0. )
ga_view_aa_set( 0., 180., 0. )
ga_view_aa_set( 90., 0., 0. )
ga_view_aa_set( -90., 0., 0. )
ga_view_aa_set( 180., 90., 180. )
ga_view_aa_set( 0., 0., 0. )
ga_view_sr_set( 0, 0, 30. )
ga_view_center_set( -1.514678, 1.514682 )
ga_view_sr_set( 0, 0, 30. )
ga_view_sr_set( 0, 0, 30. )
ga_view_sr_set( 0, 0, 30. )
ga_view_sr_set( 0, 0, 30. )
ga_view_sr_set( 0, 0, 30. )
ga_view_sr_set( 0, 0, 30. )
ga_view_sr_set( 0, 0, 30. )
ga_view_sr_set( 0, 0, 30. )
ga_display_freefem_set( "general", 0 )
ga_display_freefem_set( "general", 1 )
msc_dra_init_stream(  )
msc_dra_add_param( "DATABASE", "C:\Users\jitishm\Desktop\MAIN\PAAW\mAEWing" // @
"2_FEM_v2p0_Free_model-repaired\fullwing.db" )
msc_dra_add_param( "JOBNAME", "" )
msc_dra_add_param( "RESULTS FILE", "C:\Users\jitishm\Desktop\MAIN\PAAW\mAE" // @
"Wing2_FEM_v2p0_Free_model-repaired\sol103_maewing2_fullmodel_free_model_f" // @
"emv2p0.xdb" )
msc_dra_add_param( "OBJECT", "Result Entities" )
msc_dra_add_param( "ANALYSIS TYPE", "Structural" )
msc_dra_add_param( "DIVISION TOLERANCE", "1.0E-8" )
msc_dra_add_param( "NUMERICAL TOLERANCE", "1.0E-4" )
msc_dra_add_param( "MODEL TOLERANCE", "0.0049999999" )
msc_dra_add_param( "ROTATIONAL NODAL RESULTS", "OFF" )
msc_dra_add_param( "STRESS/STRAIN INVARIANTS", "OFF" )
msc_dra_add_param( "PRINCIPAL DIRECTIONS", "OFF" )
msc_dra_add_param( "ELEMENT RESULTS POSITIONS", "Nodal       " )
msc_dra_add_param( "TITLE DESCRIPTION", "ON" )
msc_dra_finish_stream(  )
analysis_import( "MSC.Nastran", "", "Attach Results File No Job",  @
"C:\Users\jitishm\Desktop\MAIN\PAAW\mAEWing2_FEM_v2p0_Free_model-repaired\" // @
"sol103_maewing2_fullmodel_free_model_femv2p0.xdb", TRUE )
$# Attaching Direct Results Access file: 
$# "C:\Users\jitishm\Desktop\MAIN\PAAW\mAEWing2_FEM_v2p0_Free_model-repaired\s
$# ol103_maewing2_fullmodel_free_model_femv2p0.xdb"
$# XDB file created by "MSC.NASTRAN V2016" on 11/28/2017 using "VENDOR:INTEL  
$#               MODEL:P5-4/7421 (WACO)     OPSYS:WINDOWS 7 ENTERPRIS"
$# *** Begin: Attach Result File ***
$# Processing result load case: SC1:DEFAULT
$# Processing result sub-case: Mode 1 : Freq. = 0.00017849
$# Processing result sub-case: Mode 2 : Freq. = 0.00013438
$# Processing result sub-case: Mode 3 : Freq. = 6.133E-5
$# Processing result sub-case: Mode 4 : Freq. = 5.3526E-5
$# Processing result sub-case: Mode 5 : Freq. = 3.6898E-5
$# Processing result sub-case: Mode 6 : Freq. = 8.3281E-5
$# Processing result sub-case: Mode 7 : Freq. = 5.5372
$# Processing result sub-case: Mode 8 : Freq. = 8.1028
$# Processing result sub-case: Mode 9 : Freq. = 17.517
$# Processing result sub-case: Mode 10 : Freq. = 19.46
$# Processing result sub-case: Mode 11 : Freq. = 21.085
$# Processing result sub-case: Mode 12 : Freq. = 25.07
$# Processing result sub-case: Mode 13 : Freq. = 26.944
$# Processing result sub-case: Mode 14 : Freq. = 32.61
$# Processing result sub-case: Mode 15 : Freq. = 32.862
$# Processing result sub-case: Mode 16 : Freq. = 42.482
$# Processing result sub-case: Mode 17 : Freq. = 54.734
$# Processing result sub-case: Mode 18 : Freq. = 57.294
$# Processing result sub-case: Mode 19 : Freq. = 62.414
$# Processing result sub-case: Mode 20 : Freq. = 70.607
$# Total execution time in real seconds:        0.000
$# Total execution time in CPU  seconds:        0.015
$# *** End:   Attach Result File ***
res_data_load_dbresult( 0, "Nodal", "Scalar", "SC1:DEFAULT",  @
"A1:Mode 1 : Freq. = 0.00017849", "Eigenvectors", "Translational",  @
"(NON-LAYERED)", "MAG", "Default", "DeriveAverage", "All", "ShapeFunc" )
res_data_title( 0, "Nodal", "Scalar", 1, [ @
"$POFF@@@$PT: @@@$LCN, @@@$SCN, @@@$PRN, @@@$SRN, @@@$DRVL, @@@$LN "] )
res_display_fringe_create( "", "FreeFaces", 0, [""], 12, [ @
"Range:Fri_default_Fringe", "RangeOverwrite:ON", "FringeStyle:Discrete/Smooth" @
, "Shade:None", "ElemEdge:FreeEdge,Blue,Solid,1", "Shrink:0",  @
"TitleDisplay:ON", "MinMaxDisplay:ON", "ValueDisplay:OFF", "Filter:None",  @
"ScaleFactor:1.", "LabelStyle:Exponential, 12, White, 3"], TRUE )
res_display_fringe_post( "", 0, "Nodal", TRUE, TRUE )
res_data_load_dbresult( 0, "Nodal", "Vector", "SC1:DEFAULT",  @
"A1:Mode 1 : Freq. = 0.00017849", "Eigenvectors", "Translational",  @
"(NON-LAYERED)", "", "Global", "", "", "" )
res_data_title( 0, "Nodal", "Vector", 1, [ @
"$POFF@@@$PT: @@@$LCN, @@@$SCN, @@@$PRN, @@@$SRN, @@@$DRVL"] )
res_display_deformation_create( "", "Elements", 0, [""], 9, [ @
"DeformedStyle:White,Solid,1,Wireframe", "DeformedScale:Model=0.1",  @
"UndeformedStyle:ON,Blue,Solid,1,Wireframe", "TitleDisplay:ON",  @
"MinMaxDisplay:ON", "ScaleFactor:1.", "LabelStyle:Exponential, 12, White, 3",  @
"DeformDisplay:Resultant", "DeformComps:OFF,OFF,OFF"] )
res_display_deformation_post( "", 0 )
res_data_load_dbresult( 0, "Nodal", "Scalar", "SC1:DEFAULT",  @
"A1:Mode 6 : Freq. = 8.3281E-5", "Eigenvectors", "Translational",  @
"(NON-LAYERED)", "MAG", "Default", "DeriveAverage", "All", "ShapeFunc" )
res_data_title( 0, "Nodal", "Scalar", 1, [ @
"$POFF@@@$PT: @@@$LCN, @@@$SCN, @@@$PRN, @@@$SRN, @@@$DRVL, @@@$LN "] )
res_display_fringe_create( "", "FreeFaces", 0, [""], 12, [ @
"Range:Fri_default_Fringe", "RangeOverwrite:ON", "FringeStyle:Discrete/Smooth" @
, "Shade:None", "ElemEdge:FreeEdge,Blue,Solid,1", "Shrink:0",  @
"TitleDisplay:ON", "MinMaxDisplay:ON", "ValueDisplay:OFF", "Filter:None",  @
"ScaleFactor:1.", "LabelStyle:Exponential, 12, White, 3"], TRUE )
res_display_fringe_post( "", 0, "Nodal", TRUE, TRUE )
res_data_load_dbresult( 0, "Nodal", "Vector", "SC1:DEFAULT",  @
"A1:Mode 6 : Freq. = 8.3281E-5", "Eigenvectors", "Translational",  @
"(NON-LAYERED)", "", "Global", "", "", "" )
res_data_title( 0, "Nodal", "Vector", 1, [ @
"$POFF@@@$PT: @@@$LCN, @@@$SCN, @@@$PRN, @@@$SRN, @@@$DRVL"] )
res_display_deformation_create( "", "Elements", 0, [""], 9, [ @
"DeformedStyle:White,Solid,1,Wireframe", "DeformedScale:Model=0.1",  @
"UndeformedStyle:ON,Blue,Solid,1,Wireframe", "TitleDisplay:ON",  @
"MinMaxDisplay:ON", "ScaleFactor:1.", "LabelStyle:Exponential, 12, White, 3",  @
"DeformDisplay:Resultant", "DeformComps:OFF,OFF,OFF"] )
res_display_deformation_post( "", 0 )
ga_view_aa_set( 157., 34, -180. )
ga_view_aa_set( -67., 0., -34. )
res_data_load_dbresult( 0, "Nodal", "Scalar", "SC1:DEFAULT",  @
"A1:Mode 7 : Freq. = 5.5372", "Eigenvectors", "Translational", "(NON-LAYERED)" @
, "MAG", "Default", "DeriveAverage", "All", "ShapeFunc" )
res_data_title( 0, "Nodal", "Scalar", 1, [ @
"$POFF@@@$PT: @@@$LCN, @@@$SCN, @@@$PRN, @@@$SRN, @@@$DRVL, @@@$LN "] )
res_display_fringe_create( "", "FreeFaces", 0, [""], 12, [ @
"Range:Fri_default_Fringe", "RangeOverwrite:ON", "FringeStyle:Discrete/Smooth" @
, "Shade:None", "ElemEdge:FreeEdge,Blue,Solid,1", "Shrink:0",  @
"TitleDisplay:ON", "MinMaxDisplay:ON", "ValueDisplay:OFF", "Filter:None",  @
"ScaleFactor:1.", "LabelStyle:Exponential, 12, White, 3"], TRUE )
res_display_fringe_post( "", 0, "Nodal", TRUE, TRUE )
res_data_load_dbresult( 0, "Nodal", "Vector", "SC1:DEFAULT",  @
"A1:Mode 7 : Freq. = 5.5372", "Eigenvectors", "Translational", "(NON-LAYERED)" @
, "", "Global", "", "", "" )
res_data_title( 0, "Nodal", "Vector", 1, [ @
"$POFF@@@$PT: @@@$LCN, @@@$SCN, @@@$PRN, @@@$SRN, @@@$DRVL"] )
res_display_deformation_create( "", "Elements", 0, [""], 9, [ @
"DeformedStyle:White,Solid,1,Wireframe", "DeformedScale:Model=0.1",  @
"UndeformedStyle:ON,Blue,Solid,1,Wireframe", "TitleDisplay:ON",  @
"MinMaxDisplay:ON", "ScaleFactor:1.", "LabelStyle:Exponential, 12, White, 3",  @
"DeformDisplay:Resultant", "DeformComps:OFF,OFF,OFF"] )
res_display_deformation_post( "", 0 )
res_data_load_dbresult( 0, "Nodal", "Scalar", "SC1:DEFAULT",  @
"A1:Mode 8 : Freq. = 8.1028", "Eigenvectors", "Translational", "(NON-LAYERED)" @
, "MAG", "Default", "DeriveAverage", "All", "ShapeFunc" )
res_data_title( 0, "Nodal", "Scalar", 1, [ @
"$POFF@@@$PT: @@@$LCN, @@@$SCN, @@@$PRN, @@@$SRN, @@@$DRVL, @@@$LN "] )
res_display_fringe_create( "", "FreeFaces", 0, [""], 12, [ @
"Range:Fri_default_Fringe", "RangeOverwrite:ON", "FringeStyle:Discrete/Smooth" @
, "Shade:None", "ElemEdge:FreeEdge,Blue,Solid,1", "Shrink:0",  @
"TitleDisplay:ON", "MinMaxDisplay:ON", "ValueDisplay:OFF", "Filter:None",  @
"ScaleFactor:1.", "LabelStyle:Exponential, 12, White, 3"], TRUE )
res_display_fringe_post( "", 0, "Nodal", TRUE, TRUE )
res_data_load_dbresult( 0, "Nodal", "Vector", "SC1:DEFAULT",  @
"A1:Mode 8 : Freq. = 8.1028", "Eigenvectors", "Translational", "(NON-LAYERED)" @
, "", "Global", "", "", "" )
res_data_title( 0, "Nodal", "Vector", 1, [ @
"$POFF@@@$PT: @@@$LCN, @@@$SCN, @@@$PRN, @@@$SRN, @@@$DRVL"] )
res_display_deformation_create( "", "Elements", 0, [""], 9, [ @
"DeformedStyle:White,Solid,1,Wireframe", "DeformedScale:Model=0.1",  @
"UndeformedStyle:ON,Blue,Solid,1,Wireframe", "TitleDisplay:ON",  @
"MinMaxDisplay:ON", "ScaleFactor:1.", "LabelStyle:Exponential, 12, White, 3",  @
"DeformDisplay:Resultant", "DeformComps:OFF,OFF,OFF"] )
res_display_deformation_post( "", 0 )
res_data_load_dbresult( 0, "Nodal", "Scalar", "SC1:DEFAULT",  @
"A1:Mode 9 : Freq. = 17.517", "Eigenvectors", "Translational", "(NON-LAYERED)" @
, "MAG", "Default", "DeriveAverage", "All", "ShapeFunc" )
res_data_title( 0, "Nodal", "Scalar", 1, [ @
"$POFF@@@$PT: @@@$LCN, @@@$SCN, @@@$PRN, @@@$SRN, @@@$DRVL, @@@$LN "] )
res_display_fringe_create( "", "FreeFaces", 0, [""], 12, [ @
"Range:Fri_default_Fringe", "RangeOverwrite:ON", "FringeStyle:Discrete/Smooth" @
, "Shade:None", "ElemEdge:FreeEdge,Blue,Solid,1", "Shrink:0",  @
"TitleDisplay:ON", "MinMaxDisplay:ON", "ValueDisplay:OFF", "Filter:None",  @
"ScaleFactor:1.", "LabelStyle:Exponential, 12, White, 3"], TRUE )
res_display_fringe_post( "", 0, "Nodal", TRUE, TRUE )
res_data_load_dbresult( 0, "Nodal", "Vector", "SC1:DEFAULT",  @
"A1:Mode 9 : Freq. = 17.517", "Eigenvectors", "Translational", "(NON-LAYERED)" @
, "", "Global", "", "", "" )
res_data_title( 0, "Nodal", "Vector", 1, [ @
"$POFF@@@$PT: @@@$LCN, @@@$SCN, @@@$PRN, @@@$SRN, @@@$DRVL"] )
res_display_deformation_create( "", "Elements", 0, [""], 9, [ @
"DeformedStyle:White,Solid,1,Wireframe", "DeformedScale:Model=0.1",  @
"UndeformedStyle:ON,Blue,Solid,1,Wireframe", "TitleDisplay:ON",  @
"MinMaxDisplay:ON", "ScaleFactor:1.", "LabelStyle:Exponential, 12, White, 3",  @
"DeformDisplay:Resultant", "DeformComps:OFF,OFF,OFF"] )
res_display_deformation_post( "", 0 )
res_data_load_dbresult( 0, "Nodal", "Scalar", "SC1:DEFAULT",  @
"A1:Mode 10 : Freq. = 19.46", "Eigenvectors", "Translational", "(NON-LAYERED)" @
, "MAG", "Default", "DeriveAverage", "All", "ShapeFunc" )
res_data_title( 0, "Nodal", "Scalar", 1, [ @
"$POFF@@@$PT: @@@$LCN, @@@$SCN, @@@$PRN, @@@$SRN, @@@$DRVL, @@@$LN "] )
res_display_fringe_create( "", "FreeFaces", 0, [""], 12, [ @
"Range:Fri_default_Fringe", "RangeOverwrite:ON", "FringeStyle:Discrete/Smooth" @
, "Shade:None", "ElemEdge:FreeEdge,Blue,Solid,1", "Shrink:0",  @
"TitleDisplay:ON", "MinMaxDisplay:ON", "ValueDisplay:OFF", "Filter:None",  @
"ScaleFactor:1.", "LabelStyle:Exponential, 12, White, 3"], TRUE )
res_display_fringe_post( "", 0, "Nodal", TRUE, TRUE )
res_data_load_dbresult( 0, "Nodal", "Vector", "SC1:DEFAULT",  @
"A1:Mode 10 : Freq. = 19.46", "Eigenvectors", "Translational", "(NON-LAYERED)" @
, "", "Global", "", "", "" )
res_data_title( 0, "Nodal", "Vector", 1, [ @
"$POFF@@@$PT: @@@$LCN, @@@$SCN, @@@$PRN, @@@$SRN, @@@$DRVL"] )
res_display_deformation_create( "", "Elements", 0, [""], 9, [ @
"DeformedStyle:White,Solid,1,Wireframe", "DeformedScale:Model=0.1",  @
"UndeformedStyle:ON,Blue,Solid,1,Wireframe", "TitleDisplay:ON",  @
"MinMaxDisplay:ON", "ScaleFactor:1.", "LabelStyle:Exponential, 12, White, 3",  @
"DeformDisplay:Resultant", "DeformComps:OFF,OFF,OFF"] )
res_display_deformation_post( "", 0 )
res_data_load_dbresult( 0, "Nodal", "Scalar", "SC1:DEFAULT",  @
"A1:Mode 10 : Freq. = 19.46", "Eigenvectors", "Translational", "(NON-LAYERED)" @
, "MAG", "Default", "DeriveAverage", "All", "ShapeFunc" )
res_data_title( 0, "Nodal", "Scalar", 1, [ @
"$POFF@@@$PT: @@@$LCN, @@@$SCN, @@@$PRN, @@@$SRN, @@@$DRVL, @@@$LN "] )
res_display_fringe_create( "", "FreeFaces", 0, [""], 12, [ @
"Range:Fri_default_Fringe", "RangeOverwrite:ON", "FringeStyle:Discrete/Smooth" @
, "Shade:None", "ElemEdge:FreeEdge,Blue,Solid,1", "Shrink:0",  @
"TitleDisplay:ON", "MinMaxDisplay:ON", "ValueDisplay:OFF", "Filter:None",  @
"ScaleFactor:1.", "LabelStyle:Exponential, 12, White, 3"], TRUE )
res_display_fringe_post( "", 0, "Nodal", TRUE, TRUE )
res_data_load_dbresult( 0, "Nodal", "Vector", "SC1:DEFAULT",  @
"A1:Mode 10 : Freq. = 19.46", "Eigenvectors", "Translational", "(NON-LAYERED)" @
, "", "Global", "", "", "" )
res_data_title( 0, "Nodal", "Vector", 1, [ @
"$POFF@@@$PT: @@@$LCN, @@@$SCN, @@@$PRN, @@@$SRN, @@@$DRVL"] )
res_display_deformation_create( "", "Elements", 0, [""], 9, [ @
"DeformedStyle:White,Solid,1,Wireframe", "DeformedScale:Model=0.1",  @
"UndeformedStyle:ON,Blue,Solid,1,Wireframe", "TitleDisplay:ON",  @
"MinMaxDisplay:ON", "ScaleFactor:1.", "LabelStyle:Exponential, 12, White, 3",  @
"DeformDisplay:Resultant", "DeformComps:OFF,OFF,OFF"] )
res_display_deformation_post( "", 0 )
$# Question from application Results
$#     Detach from Direct Results Access file: 
$# "C:\Users\jitishm\Desktop\MAIN\PAAW\mAEWing2_FEM_v2p0_Free_model-repaired\s
$# ol103_maewing2_fullmodel_free_model_femv2p0.xdb". This operation cannot be 
$# undone. Do you want to continue?
$? YESFORALL 4012012 
$# Detach external results file:  
$# C:\Users\jitishm\Desktop\MAIN\PAAW\mAEWing2_FEM_v
$# 2p0_Free_model-repaired\sol103_maewing2_fullmodel_free_model_femv2p0.xdb
res_dra_detach_file( 1, 130, 25 )
msc_dra_init_stream(  )
msc_dra_add_param( "DATABASE", "C:\Users\jitishm\Desktop\MAIN\PAAW\mAEWing" // @
"2_FEM_v2p0_Free_model-repaired\fullwing.db" )
msc_dra_add_param( "JOBNAME", "SOL103_mAEWing2_fullmodel_Free_model_FEMv2p" // @
"0_repaired" )
msc_dra_add_param( "RESULTS FILE", "C:\Users\jitishm\Desktop\MAIN\PAAW\mAE" // @
"Wing2_FEM_v2p0_Free_model-repaired\sol103_maewing2_fullmodel_free_model_f" // @
"emv2p0_repaired.xdb" )
msc_dra_add_param( "OBJECT", "Result Entities" )
msc_dra_add_param( "ANALYSIS TYPE", "Structural" )
msc_dra_add_param( "DIVISION TOLERANCE", "1.0E-8" )
msc_dra_add_param( "NUMERICAL TOLERANCE", "1.0E-4" )
msc_dra_add_param( "MODEL TOLERANCE", "0.0049999999" )
msc_dra_add_param( "ROTATIONAL NODAL RESULTS", "OFF" )
msc_dra_add_param( "STRESS/STRAIN INVARIANTS", "OFF" )
msc_dra_add_param( "PRINCIPAL DIRECTIONS", "OFF" )
msc_dra_add_param( "ELEMENT RESULTS POSITIONS", "Nodal       " )
msc_dra_add_param( "TITLE DESCRIPTION", "ON" )
msc_dra_finish_stream(  )
analysis_import( "MSC.Nastran", "SOL103_mAEWing2_fullmodel_Free_model_FEMv" // @
"2p0_repaired", "Attach Results File No Job",  @
"C:\Users\jitishm\Desktop\MAIN\PAAW\mAEWing2_FEM_v2p0_Free_model-repaired\" // @
"sol103_maewing2_fullmodel_free_model_femv2p0_repaired.xdb", TRUE )
$# Attaching Direct Results Access file: 
$# "C:\Users\jitishm\Desktop\MAIN\PAAW\mAEWing2_FEM_v2p0_Free_model-repaired\s
$# ol103_maewing2_fullmodel_free_model_femv2p0_repaired.xdb"
$# XDB file created by "MSC.NASTRAN V2016" on 11/11/2018 using "VENDOR:INTEL  
$#               MODEL:P5-4/6674 (LOCATELLI OPSYS:WINDOWS 10 ENTERPRI"
$# *** Begin: Attach Result File ***
$# Processing result sub-case: Mode 1 : Freq. = 0.00015362
$# Processing result sub-case: Mode 2 : Freq. = 0.00013788
$# Processing result sub-case: Mode 3 : Freq. = 5.6267E-5
$# Processing result sub-case: Mode 4 : Freq. = 3.1593E-5
$# Processing result sub-case: Mode 5 : Freq. = 4.9552E-5
$# Processing result sub-case: Mode 6 : Freq. = 7.5889E-5
$# Processing result sub-case: Mode 7 : Freq. = 5.5364
$# Processing result sub-case: Mode 8 : Freq. = 7.9851
$# Processing result sub-case: Mode 9 : Freq. = 17.517
$# Processing result sub-case: Mode 10 : Freq. = 19.313
$# Processing result sub-case: Mode 11 : Freq. = 21.065
$# Processing result sub-case: Mode 12 : Freq. = 24.998
$# Processing result sub-case: Mode 13 : Freq. = 26.911
$# Processing result sub-case: Mode 14 : Freq. = 32.577
$# Processing result sub-case: Mode 15 : Freq. = 32.843
$# Processing result sub-case: Mode 16 : Freq. = 42.041
$# Processing result sub-case: Mode 17 : Freq. = 53.467
$# Processing result sub-case: Mode 18 : Freq. = 57.247
$# Processing result sub-case: Mode 19 : Freq. = 61.461
$# Processing result sub-case: Mode 20 : Freq. = 70.606
$# Total execution time in real seconds:        1.000
$# Total execution time in CPU  seconds:        0.016
$# *** End:   Attach Result File ***
res_data_load_dbresult( 0, "Nodal", "Scalar", "SC1:DEFAULT",  @
"A1:Mode 7 : Freq. = 5.5364", "Eigenvectors", "Translational", "(NON-LAYERED)" @
, "MAG", "Default", "DeriveAverage", "All", "ShapeFunc" )
res_data_title( 0, "Nodal", "Scalar", 1, [ @
"$POFF@@@$PT: @@@$LCN, @@@$SCN, @@@$PRN, @@@$SRN, @@@$DRVL, @@@$LN "] )
res_display_fringe_create( "", "FreeFaces", 0, [""], 12, [ @
"Range:Fri_default_Fringe", "RangeOverwrite:ON", "FringeStyle:Discrete/Smooth" @
, "Shade:None", "ElemEdge:FreeEdge,Blue,Solid,1", "Shrink:0",  @
"TitleDisplay:ON", "MinMaxDisplay:ON", "ValueDisplay:OFF", "Filter:None",  @
"ScaleFactor:1.", "LabelStyle:Exponential, 12, White, 3"], TRUE )
res_display_fringe_post( "", 0, "Nodal", TRUE, TRUE )
res_data_load_dbresult( 0, "Nodal", "Vector", "SC1:DEFAULT",  @
"A1:Mode 7 : Freq. = 5.5364", "Eigenvectors", "Translational", "(NON-LAYERED)" @
, "", "Global", "", "", "" )
res_data_title( 0, "Nodal", "Vector", 1, [ @
"$POFF@@@$PT: @@@$LCN, @@@$SCN, @@@$PRN, @@@$SRN, @@@$DRVL"] )
res_display_deformation_create( "", "Elements", 0, [""], 9, [ @
"DeformedStyle:White,Solid,1,Wireframe", "DeformedScale:Model=0.1",  @
"UndeformedStyle:ON,Blue,Solid,1,Wireframe", "TitleDisplay:ON",  @
"MinMaxDisplay:ON", "ScaleFactor:1.", "LabelStyle:Exponential, 12, White, 3",  @
"DeformDisplay:Resultant", "DeformComps:OFF,OFF,OFF"] )
res_display_deformation_post( "", 0 )
res_data_load_dbresult( 0, "Nodal", "Scalar", "SC1:DEFAULT",  @
"A1:Mode 8 : Freq. = 7.9851", "Eigenvectors", "Translational", "(NON-LAYERED)" @
, "MAG", "Default", "DeriveAverage", "All", "ShapeFunc" )
res_data_title( 0, "Nodal", "Scalar", 1, [ @
"$POFF@@@$PT: @@@$LCN, @@@$SCN, @@@$PRN, @@@$SRN, @@@$DRVL, @@@$LN "] )
res_display_fringe_create( "", "FreeFaces", 0, [""], 12, [ @
"Range:Fri_default_Fringe", "RangeOverwrite:ON", "FringeStyle:Discrete/Smooth" @
, "Shade:None", "ElemEdge:FreeEdge,Blue,Solid,1", "Shrink:0",  @
"TitleDisplay:ON", "MinMaxDisplay:ON", "ValueDisplay:OFF", "Filter:None",  @
"ScaleFactor:1.", "LabelStyle:Exponential, 12, White, 3"], TRUE )
res_display_fringe_post( "", 0, "Nodal", TRUE, TRUE )
res_data_load_dbresult( 0, "Nodal", "Vector", "SC1:DEFAULT",  @
"A1:Mode 8 : Freq. = 7.9851", "Eigenvectors", "Translational", "(NON-LAYERED)" @
, "", "Global", "", "", "" )
res_data_title( 0, "Nodal", "Vector", 1, [ @
"$POFF@@@$PT: @@@$LCN, @@@$SCN, @@@$PRN, @@@$SRN, @@@$DRVL"] )
res_display_deformation_create( "", "Elements", 0, [""], 9, [ @
"DeformedStyle:White,Solid,1,Wireframe", "DeformedScale:Model=0.1",  @
"UndeformedStyle:ON,Blue,Solid,1,Wireframe", "TitleDisplay:ON",  @
"MinMaxDisplay:ON", "ScaleFactor:1.", "LabelStyle:Exponential, 12, White, 3",  @
"DeformDisplay:Resultant", "DeformComps:OFF,OFF,OFF"] )
res_display_deformation_post( "", 0 )
res_data_load_dbresult( 0, "Nodal", "Scalar", "SC1:DEFAULT",  @
"A1:Mode 9 : Freq. = 17.517", "Eigenvectors", "Translational", "(NON-LAYERED)" @
, "MAG", "Default", "DeriveAverage", "All", "ShapeFunc" )
res_data_title( 0, "Nodal", "Scalar", 1, [ @
"$POFF@@@$PT: @@@$LCN, @@@$SCN, @@@$PRN, @@@$SRN, @@@$DRVL, @@@$LN "] )
res_display_fringe_create( "", "FreeFaces", 0, [""], 12, [ @
"Range:Fri_default_Fringe", "RangeOverwrite:ON", "FringeStyle:Discrete/Smooth" @
, "Shade:None", "ElemEdge:FreeEdge,Blue,Solid,1", "Shrink:0",  @
"TitleDisplay:ON", "MinMaxDisplay:ON", "ValueDisplay:OFF", "Filter:None",  @
"ScaleFactor:1.", "LabelStyle:Exponential, 12, White, 3"], TRUE )
res_display_fringe_post( "", 0, "Nodal", TRUE, TRUE )
res_data_load_dbresult( 0, "Nodal", "Vector", "SC1:DEFAULT",  @
"A1:Mode 9 : Freq. = 17.517", "Eigenvectors", "Translational", "(NON-LAYERED)" @
, "", "Global", "", "", "" )
res_data_title( 0, "Nodal", "Vector", 1, [ @
"$POFF@@@$PT: @@@$LCN, @@@$SCN, @@@$PRN, @@@$SRN, @@@$DRVL"] )
res_display_deformation_create( "", "Elements", 0, [""], 9, [ @
"DeformedStyle:White,Solid,1,Wireframe", "DeformedScale:Model=0.1",  @
"UndeformedStyle:ON,Blue,Solid,1,Wireframe", "TitleDisplay:ON",  @
"MinMaxDisplay:ON", "ScaleFactor:1.", "LabelStyle:Exponential, 12, White, 3",  @
"DeformDisplay:Resultant", "DeformComps:OFF,OFF,OFF"] )
res_display_deformation_post( "", 0 )
res_data_load_dbresult( 0, "Nodal", "Scalar", "SC1:DEFAULT",  @
"A1:Mode 10 : Freq. = 19.313", "Eigenvectors", "Translational",  @
"(NON-LAYERED)", "MAG", "Default", "DeriveAverage", "All", "ShapeFunc" )
res_data_title( 0, "Nodal", "Scalar", 1, [ @
"$POFF@@@$PT: @@@$LCN, @@@$SCN, @@@$PRN, @@@$SRN, @@@$DRVL, @@@$LN "] )
res_display_fringe_create( "", "FreeFaces", 0, [""], 12, [ @
"Range:Fri_default_Fringe", "RangeOverwrite:ON", "FringeStyle:Discrete/Smooth" @
, "Shade:None", "ElemEdge:FreeEdge,Blue,Solid,1", "Shrink:0",  @
"TitleDisplay:ON", "MinMaxDisplay:ON", "ValueDisplay:OFF", "Filter:None",  @
"ScaleFactor:1.", "LabelStyle:Exponential, 12, White, 3"], TRUE )
res_display_fringe_post( "", 0, "Nodal", TRUE, TRUE )
res_data_load_dbresult( 0, "Nodal", "Vector", "SC1:DEFAULT",  @
"A1:Mode 10 : Freq. = 19.313", "Eigenvectors", "Translational",  @
"(NON-LAYERED)", "", "Global", "", "", "" )
res_data_title( 0, "Nodal", "Vector", 1, [ @
"$POFF@@@$PT: @@@$LCN, @@@$SCN, @@@$PRN, @@@$SRN, @@@$DRVL"] )
res_display_deformation_create( "", "Elements", 0, [""], 9, [ @
"DeformedStyle:White,Solid,1,Wireframe", "DeformedScale:Model=0.1",  @
"UndeformedStyle:ON,Blue,Solid,1,Wireframe", "TitleDisplay:ON",  @
"MinMaxDisplay:ON", "ScaleFactor:1.", "LabelStyle:Exponential, 12, White, 3",  @
"DeformDisplay:Resultant", "DeformComps:OFF,OFF,OFF"] )
res_display_deformation_post( "", 0 )
$# Question from application Results
$#     Detach from Direct Results Access file: 
$# "C:\Users\jitishm\Desktop\MAIN\PAAW\mAEWing2_FEM_v2p0_Free_model-repaired\s
$# ol103_maewing2_fullmodel_free_model_femv2p0_repaired.xdb". This operation 
$# cannot be undone. Do you want to continue?
$? YESFORALL 4012012 
$# Detach external results file:  
$# C:\Users\jitishm\Desktop\MAIN\PAAW\mAEWing2_FEM_v
$# 2p0_Free_model-repaired\sol103_maewing2_fullmodel_free_model_femv2p0_repair
$# ed.xd
$# b
res_dra_detach_file( 1, 130, 26 )
ga_view_center_set( -15.171627, -8.119693 )
ga_view_zoom_set( 20.195761 )
ga_view_center_set( -17.654709, -9.889457 )
ga_view_zoom_set( 14.687826 )
ga_view_center_set( -20.492510, -11.953317 )
ga_view_zoom_set( 8.393044 )
ga_view_center_set( -21.524433, -12.711316 )
ga_view_zoom_set( 6.104032 )
ga_view_center_set( -22.387936, -12.552388 )
ga_view_zoom_set( 2.872485 )
ga_view_center_set( -22.594700, -12.516429 )
ga_view_zoom_set( 2.089080 )
ga_view_center_set( -20.360067, -12.372594 )
ga_view_zoom_set( 5.222701 )
ga_view_center_set( -16.651728, -11.813935 )
ga_view_zoom_set( 11.098240 )
ga_view_center_set( -3.647673, -16.344200 )
ga_view_zoom_set( 19.421921 )
uil_primary_file.db_save(  )
uil_file_new.go( "C:\MSC.Software\Patran_x64\20170/template.db",  @
"C:\Users\jitishm\Desktop\MAIN\PAAW\mAEWing2_FEM_v2p0_Free_model-repaired\" // @
"fullwingwithoutrepair.db" )
$# Question from application FILE
$#     A database is already open.
$# Do you want to create a new database 
$# C:\Users\jitishm\Desktop\MAIN\PAAW\mAEWing2_FEM_v2p0_Free_model-repaired\fu
$# llwingwithoutrepair.db anyway ?
$? YES 36000037 
$# Flushing the User Data Manager
$# Journal file stopped recording at 11-Nov-18 16:53:53
